---
source: tui/src/chatwidget/tests/status_and_layout.rs
expression: normalized_backend_snapshot(terminal.backend())
---
"                                                                                "
"• Model at capacity. Retrying in 256s (attempt 9). (0s • esc to interrupt)      "
"  └ Selected model is at capacity. Please try a different model.                "
"                                                                                "
"                                                                                "
"› Ask Codex to do anything                                                      "
"                                                                                "
"  gpt-5.6-sol default · /tmp/project                                            "
